> Task :app:preBuild UP-TO-DATE
> Task :app:preDebugBuild UP-TO-DATE
> Task :app:checkDebugAarMetadata UP-TO-DATE
> Task :app:generateDebugResValues UP-TO-DATE
> Task :app:mapDebugSourceSetPaths UP-TO-DATE
> Task :app:generateDebugResources UP-TO-DATE
> Task :app:mergeDebugResources UP-TO-DATE
> Task :app:packageDebugResources UP-TO-DATE
> Task :app:parseDebugLocalResources UP-TO-DATE
> Task :app:createDebugCompatibleScreenManifests UP-TO-DATE
> Task :app:extractDeepLinksDebug UP-TO-DATE
> Task :app:processDebugMainManifest UP-TO-DATE
> Task :app:processDebugManifest UP-TO-DATE
> Task :app:processDebugManifestForPackage UP-TO-DATE
> Task :app:processDebugResources UP-TO-DATE
> Task :app:compileDebugKotlin
./gradlew : e: file:///F:/FocusGuardian-N/app/src/main/java/com/focusguardian/FocusGuardianApp.kt:4:8 Unresolved 
reference: dagger
At line:1 char:1
+ ./gradlew compileDebugKotlin > compile_errors.txt 2>&1
+ ~~~~~~~~~~~~~~~~~~~~~~~~~~~~~~~~~~~~~~~~~~~~~~~~~~~~~~
    + CategoryInfo          : NotSpecified: (e: file:///F:/F...ference: dagger:String) [], RemoteException
    + FullyQualifiedErrorId : NativeCommandError
 
e: file:///F:/FocusGuardian-N/app/src/main/java/com/focusguardian/FocusGuardianApp.kt:6:2 Unresolved reference: 
HiltAndroidApp
e: file:///F:/FocusGuardian-N/app/src/main/java/com/focusguardian/data/local/entity/ScheduleEntity.kt:6:19 Unresolved 
reference: gson
e: file:///F:/FocusGuardian-N/app/src/main/java/com/focusguardian/data/local/entity/ScheduleEntity.kt:7:19 Unresolved 
reference: gson
e: file:///F:/FocusGuardian-N/app/src/main/java/com/focusguardian/data/local/entity/ScheduleEntity.kt:25:16 Unresolved 
reference: Gson
e: file:///F:/FocusGuardian-N/app/src/main/java/com/focusguardian/data/local/entity/ScheduleEntity.kt:30:33 Unresolved 
reference: TypeToken
e: file:///F:/FocusGuardian-N/app/src/main/java/com/focusguardian/data/local/entity/ScheduleEntity.kt:30:62 Unresolved 
reference: type
e: file:///F:/FocusGuardian-N/app/src/main/java/com/focusguardian/data/local/entity/ScheduleEntity.kt:31:16 Unresolved 
reference: Gson
e: file:///F:/FocusGuardian-N/app/src/main/java/com/focusguardian/data/local/entity/ScheduleEntity.kt:36:16 Unresolved 
reference: Gson
e: file:///F:/FocusGuardian-N/app/src/main/java/com/focusguardian/data/local/entity/ScheduleEntity.kt:41:33 Unresolved 
reference: TypeToken
e: file:///F:/FocusGuardian-N/app/src/main/java/com/focusguardian/data/local/entity/ScheduleEntity.kt:41:59 Unresolved 
reference: type
e: file:///F:/FocusGuardian-N/app/src/main/java/com/focusguardian/data/local/entity/ScheduleEntity.kt:42:16 Unresolved 
reference: Gson
e: file:///F:/FocusGuardian-N/app/src/main/java/com/focusguardian/data/manager/AnalyticsCollector.kt:6:14 Unresolved 
reference: inject
e: file:///F:/FocusGuardian-N/app/src/main/java/com/focusguardian/data/manager/BlockingScreenManager.kt:12:5 Modifier 
'private' is not applicable to 'value parameter'
e: file:///F:/FocusGuardian-N/app/src/main/java/com/focusguardian/data/manager/PermissionManager.kt:14:8 Unresolved 
reference: dagger
e: file:///F:/FocusGuardian-N/app/src/main/java/com/focusguardian/data/manager/PermissionManager.kt:15:14 Unresolved 
reference: inject
e: file:///F:/FocusGuardian-N/app/src/main/java/com/focusguardian/data/manager/PermissionManager.kt:16:14 Unresolved 
reference: inject
e: file:///F:/FocusGuardian-N/app/src/main/java/com/focusguardian/data/manager/PermissionManager.kt:18:2 Unresolved 
reference: Singleton
e: file:///F:/FocusGuardian-N/app/src/main/java/com/focusguardian/data/manager/PermissionManager.kt:19:26 Unresolved 
reference: Inject
e: file:///F:/FocusGuardian-N/app/src/main/java/com/focusguardian/data/manager/PermissionManager.kt:20:6 Unresolved 
reference: ApplicationContext
e: file:///F:/FocusGuardian-N/app/src/main/java/com/focusguardian/data/repository/ScheduleRepository.kt:7:14 
Unresolved reference: inject
e: file:///F:/FocusGuardian-N/app/src/main/java/com/focusguardian/data/repository/ScheduleRepository.kt:8:14 
Unresolved reference: inject
e: file:///F:/FocusGuardian-N/app/src/main/java/com/focusguardian/data/repository/ScheduleRepository.kt:10:2 
Unresolved reference: Singleton
e: file:///F:/FocusGuardian-N/app/src/main/java/com/focusguardian/data/repository/ScheduleRepository.kt:11:27 
Unresolved reference: Inject
e: file:///F:/FocusGuardian-N/app/src/main/java/com/focusguardian/data/repository/UsageRepository.kt:8:14 Unresolved 
reference: inject
e: file:///F:/FocusGuardian-N/app/src/main/java/com/focusguardian/data/repository/UsageRepository.kt:9:14 Unresolved 
reference: inject
e: file:///F:/FocusGuardian-N/app/src/main/java/com/focusguardian/data/repository/UsageRepository.kt:11:2 Unresolved 
reference: Singleton
e: file:///F:/FocusGuardian-N/app/src/main/java/com/focusguardian/data/repository/UsageRepository.kt:12:24 Unresolved 
reference: Inject
e: file:///F:/FocusGuardian-N/app/src/main/java/com/focusguardian/domain/state/BlockStateManager.kt:6:14 Unresolved 
reference: inject
e: file:///F:/FocusGuardian-N/app/src/main/java/com/focusguardian/domain/state/BlockStateManager.kt:7:14 Unresolved 
reference: inject
e: file:///F:/FocusGuardian-N/app/src/main/java/com/focusguardian/domain/state/StrictStateManager.kt:6:14 Unresolved 
reference: inject
e: file:///F:/FocusGuardian-N/app/src/main/java/com/focusguardian/domain/usecase/UsageUseCases.kt:6:14 Unresolved 
reference: inject
e: file:///F:/FocusGuardian-N/app/src/main/java/com/focusguardian/domain/usecase/UsageUseCases.kt:8:29 Unresolved 
reference: Inject
e: file:///F:/FocusGuardian-N/app/src/main/java/com/focusguardian/domain/usecase/UsageUseCases.kt:16:32 Unresolved 
reference: Inject

> Task :app:compileDebugKotlin FAILED

[Incubating] Problems report is available at: file:///F:/FocusGuardian-N/build/reports/problems/problems-report.html

Deprecated Gradle features were used in this build, making it incompatible with Gradle 9.0.

You can use '--warning-mode all' to show the individual deprecation warnings and determine if they come from your own scripts or plugins.

For more on this, please refer to https://docs.gradle.org/8.14.2/userguide/command_line_interface.html#sec:command_line_warnings in the Gradle documentation.
13 actionable tasks: 1 executed, 12 up-to-date
e: file:///F:/FocusGuardian-N/app/src/main/java/com/focusguardian/service/FocusAccessibilityService.kt:23:59 
Unresolved reference: MAIN
e: file:///F:/FocusGuardian-N/app/src/main/java/com/focusguardian/ui/AppConfigScreen.kt:329:13 Unresolved reference: 
HorizontalDivider
e: file:///F:/FocusGuardian-N/app/src/main/java/com/focusguardian/ui/AppSelectionScreen.kt:317:25 Unresolved 
reference: HorizontalDivider
e: file:///F:/FocusGuardian-N/app/src/main/java/com/focusguardian/ui/DashboardScreen.kt:202:17 None of the following 
functions can be called with the arguments supplied: 
public fun CircularProgressIndicator(modifier: Modifier = ..., color: Color = ..., strokeWidth: Dp = ..., trackColor: 
Color = ..., strokeCap: StrokeCap = ...): Unit defined in androidx.compose.material3
public fun CircularProgressIndicator(progress: Float, modifier: Modifier = ..., color: Color = ..., strokeWidth: Dp = 
..., trackColor: Color = ..., strokeCap: StrokeCap = ...): Unit defined in androidx.compose.material3
e: file:///F:/FocusGuardian-N/app/src/main/java/com/focusguardian/ui/DashboardScreen.kt:209:17 None of the following 
functions can be called with the arguments supplied: 
public fun CircularProgressIndicator(modifier: Modifier = ..., color: Color = ..., strokeWidth: Dp = ..., trackColor: 
Color = ..., strokeCap: StrokeCap = ...): Unit defined in androidx.compose.material3
public fun CircularProgressIndicator(progress: Float, modifier: Modifier = ..., color: Color = ..., strokeWidth: Dp = 
..., trackColor: Color = ..., strokeCap: StrokeCap = ...): Unit defined in androidx.compose.material3
e: file:///F:/FocusGuardian-N/app/src/main/java/com/focusguardian/ui/ModeSelectionScreen.kt:285:5 This material API is 
experimental and is likely to change or to be removed in the future.
e: file:///F:/FocusGuardian-N/app/src/main/java/com/focusguardian/ui/SettingsScreen.kt:170:13 Unresolved reference: 
HorizontalDivider
e: file:///F:/FocusGuardian-N/app/src/main/java/com/focusguardian/ui/SettingsScreen.kt:191:13 Unresolved reference: 
HorizontalDivider
e: file:///F:/FocusGuardian-N/app/src/main/java/com/focusguardian/ui/WeeklySummaryScreen.kt:273:13 None of the 
following functions can be called with the arguments supplied: 
public fun LinearProgressIndicator(modifier: Modifier = ..., color: Color = ..., trackColor: Color = ..., strokeCap: 
StrokeCap = ...): Unit defined in androidx.compose.material3
public fun LinearProgressIndicator(progress: Float, modifier: Modifier = ..., color: Color = ..., trackColor: Color = 
..., strokeCap: StrokeCap = ...): Unit defined in androidx.compose.material3

FAILURE: Build failed with an exception.

* What went wrong:
Execution failed for task ':app:compileDebugKotlin'.
> A failure occurred while executing 
org.jetbrains.kotlin.compilerRunner.GradleCompilerRunnerWithWorkers$GradleKotlinCompilerWorkAction
   > Compilation error. See log for more details

* Try:
> Run with --stacktrace option to get the stack trace.
> Run with --info or --debug option to get more log output.
> Run with --scan to get full insights.
> Get more help at https://help.gradle.org.

BUILD FAILED in 1m 18s
